src/common/services/permission-resolution.service.ts(101,7): error TS2559: Type 'string[]' has no properties in common with type 'FindOptionsRelations<TenantEntity>'.
src/common/services/permission-resolution.service.ts(178,7): error TS2559: Type 'string[]' has no properties in common with type 'FindOptionsRelations<TenantEntity>'.
src/common/services/permission-resolution.service.ts(276,7): error TS2559: Type 'string[]' has no properties in common with type 'FindOptionsRelations<UserRoleAssignmentEntity>'.
src/common/services/permission-resolution.service.ts(290,7): error TS2559: Type 'string[]' has no properties in common with type 'FindOptionsRelations<RoleEntity>'.
src/database/repair-subscriptions.ts(35,7): error TS2559: Type 'string[]' has no properties in common with type 'FindOptionsRelations<TenantEntity>'.
src/modules/admin/catalog/pricing/pricing.service.ts(246,7): error TS2559: Type 'string[]' has no properties in common with type 'FindOptionsRelations<ProductPriceEntity>'.
src/modules/admin/catalog/product/queue/product.processor.ts(32,67): error TS2339: Property 'message' does not exist on type 'unknown'.
src/modules/admin/catalog/product/queue/product.processor.ts(32,84): error TS2339: Property 'stack' does not exist on type 'unknown'.
src/modules/admin/catalog/product/repositories/product.repository.ts(119,7): error TS2559: Type 'string[]' has no properties in common with type 'FindOptionsRelations<ProductEntity>'.
src/modules/admin/catalog/product/repositories/product.repository.ts(126,7): error TS2559: Type 'string[]' has no properties in common with type 'FindOptionsRelations<ProductEntity>'.
src/modules/admin/catalog/product/repositories/product.repository.ts(133,7): error TS2559: Type 'string[]' has no properties in common with type 'FindOptionsRelations<ProductEntity>'.
src/modules/admin/catalog/product/repositories/product.repository.ts(187,7): error TS2559: Type 'string[]' has no properties in common with type 'FindOptionsRelations<ProductEntity>'.
src/modules/admin/catalog/review/repositoris/review.repository.ts(48,7): error TS2559: Type 'string[]' has no properties in common with type 'FindOptionsRelations<ReviewEntity>'.
src/modules/admin/catalog/review/repositoris/review.repository.ts(56,7): error TS2559: Type 'string[]' has no properties in common with type 'FindOptionsRelations<ReviewEntity>'.
src/modules/admin/catalog/review/repositoris/review.repository.ts(66,57): error TS2559: Type 'string[]' has no properties in common with type 'FindOptionsRelations<ReviewEntity>'.
src/modules/admin/catalog/review/services/review.service.ts(42,77): error TS2339: Property 'message' does not exist on type 'unknown'.
src/modules/admin/core/auth/services/auth.service.ts(83,64): error TS2339: Property 'message' does not exist on type 'unknown'.
src/modules/admin/core/auth/services/auth.service.ts(97,62): error TS2339: Property 'message' does not exist on type 'unknown'.
src/modules/admin/core/auth/services/auth.service.ts(175,71): error TS2339: Property 'message' does not exist on type 'unknown'.
src/modules/admin/core/auth/services/auth.service.ts(296,62): error TS2339: Property 'message' does not exist on type 'unknown'.
src/modules/admin/core/rbac/role-management.service.ts(58,7): error TS2559: Type 'string[]' has no properties in common with type 'FindOptionsRelations<RoleEntity>'.
src/modules/admin/core/rbac/role-management.service.ts(66,7): error TS2559: Type 'string[]' has no properties in common with type 'FindOptionsRelations<RoleEntity>'.
src/modules/admin/core/rbac/role-management.service.ts(453,7): error TS2559: Type 'string[]' has no properties in common with type 'FindOptionsSelect<UserRoleAssignmentEntity>'.
src/modules/admin/core/rbac/user-role-assignment.service.ts(44,7): error TS2559: Type 'string[]' has no properties in common with type 'FindOptionsRelations<UserRoleAssignmentEntity>'.
src/modules/admin/core/user/controllers/role.controller.ts(55,7): error TS2559: Type 'string[]' has no properties in common with type 'FindOptionsRelations<RoleEntity>'.
src/modules/admin/core/user/repositories/user.repository.ts(73,7): error TS2559: Type 'string[]' has no properties in common with type 'FindOptionsSelect<UserEntity>'.
src/modules/admin/core/user/repositories/user.repository.ts(94,7): error TS2559: Type 'string[]' has no properties in common with type 'FindOptionsRelations<UserEntity>'.
src/modules/admin/core/user/repositories/user.repository.ts(101,7): error TS2559: Type 'string[]' has no properties in common with type 'FindOptionsSelect<UserEntity>'.
src/modules/admin/core/user/repositories/user.repository.ts(122,7): error TS2559: Type 'string[]' has no properties in common with type 'FindOptionsRelations<UserEntity>'.
src/modules/admin/core/user/repositories/user.repository.ts(203,7): error TS2559: Type 'string[]' has no properties in common with type 'FindOptionsSelect<UserEntity>'.
src/modules/admin/core/user/services/staff-invitation.service.ts(172,84): error TS2339: Property 'message' does not exist on type 'unknown'.
src/modules/admin/customer/lead/lead.service.ts(37,71): error TS2339: Property 'message' does not exist on type 'unknown'.
src/modules/admin/marketing/campaign/queue/campaign.processor.ts(91,78): error TS2339: Property 'message' does not exist on type 'unknown'.
src/modules/admin/marketing/campaign/repositories/campaign-log.repository.ts(71,7): error TS2559: Type 'string[]' has no properties in common with type 'FindOptionsRelations<CampaignLogEntity>'.
src/modules/admin/marketing/campaign/repositories/campaign.repository.ts(48,7): error TS2559: Type 'string[]' has no properties in common with type 'FindOptionsRelations<CampaignEntity>'.
src/modules/admin/marketing/campaign/repositories/campaign.repository.ts(58,7): error TS2559: Type 'string[]' has no properties in common with type 'FindOptionsRelations<CampaignEntity>'.
src/modules/admin/marketing/campaign/services/audience.service.ts(63,9): error TS2559: Type 'string[]' has no properties in common with type 'FindOptionsSelect<UserEntity>'.
src/modules/admin/marketing/campaign/services/audience.service.ts(84,9): error TS2559: Type 'string[]' has no properties in common with type 'FindOptionsSelect<SubscriberEntity>'.
src/modules/admin/marketing/campaign/services/audience.service.ts(102,9): error TS2559: Type 'string[]' has no properties in common with type 'FindOptionsSelect<LeadEntity>'.
src/modules/admin/marketing/loyalty/controllers/loyalty.controller.ts(164,7): error TS2559: Type 'string[]' has no properties in common with type 'FindOptionsSelect<UserEntity>'.
src/modules/admin/marketing/loyalty/queue/tier-scheduler.processor.ts(86,87): error TS2339: Property 'message' does not exist on type 'unknown'.
src/modules/admin/marketing/loyalty/queue/tier-scheduler.processor.ts(162,91): error TS2339: Property 'message' does not exist on type 'unknown'.
src/modules/admin/marketing/loyalty/services/loyalty.service.ts(409,9): error TS2559: Type 'string[]' has no properties in common with type 'FindOptionsRelations<OrderEntity>'.
src/modules/admin/marketing/loyalty/services/referral.service.ts(108,9): error TS2559: Type 'string[]' has no properties in common with type 'FindOptionsSelect<UserEntity>'.
src/modules/admin/marketing/loyalty/services/referral.service.ts(211,90): error TS2339: Property 'message' does not exist on type 'unknown'.
src/modules/admin/operations/finance/accounting/accounting.processor.ts(305,67): error TS2339: Property 'message' does not exist on type 'unknown'.
src/modules/admin/operations/finance/accounting/accounting.processor.ts(305,84): error TS2339: Property 'stack' does not exist on type 'unknown'.
src/modules/admin/operations/finance/accounting/services/accounting.service.ts(245,7): error TS2559: Type 'string[]' has no properties in common with type 'FindOptionsRelations<JournalEntryEntity>'.
src/modules/admin/operations/finance/accounting/services/accounting.service.ts(305,9): error TS2559: Type 'string[]' has no properties in common with type 'FindOptionsRelations<JournalEntryEntity>'.
src/modules/admin/operations/finance/accounting/services/dunning.service.ts(70,7): error TS2559: Type 'string[]' has no properties in common with type 'FindOptionsRelations<DunningLogEntity>'.
src/modules/admin/operations/finance/invoice/invoice.processor.ts(59,67): error TS2339: Property 'message' does not exist on type 'unknown'.
src/modules/admin/operations/finance/invoice/invoice.processor.ts(59,84): error TS2339: Property 'stack' does not exist on type 'unknown'.
src/modules/admin/operations/finance/invoice/invoice.repository.ts(69,7): error TS2559: Type 'string[]' has no properties in common with type 'FindOptionsRelations<InvoiceEntity>'.
src/modules/admin/operations/finance/purchase/repositories/debit-note.repository.ts(78,7): error TS2559: Type 'string[]' has no properties in common with type 'FindOptionsRelations<DebitNoteEntity>'.
src/modules/admin/operations/finance/purchase/repositories/purchase-order.repository.ts(78,7): error TS2559: Type 'string[]' has no properties in common with type 'FindOptionsRelations<PurchaseOrderEntity>'.
src/modules/admin/operations/finance/purchase/repositories/purchase-order.repository.ts(104,7): error TS2559: Type 'string[]' has no properties in common with type 'FindOptionsRelations<PurchaseOrderEntity>'.
src/modules/admin/operations/finance/purchase/repositories/purchase-requisition.repository.ts(82,7): error TS2559: Type 'string[]' has no properties in common with type 'FindOptionsRelations<PurchaseRequisitionEntity>'.
src/modules/admin/operations/finance/purchase/repositories/quotation.repository.ts(34,7): error TS2559: Type 'string[]' has no properties in common with type 'FindOptionsRelations<QuotationEntity>'.
src/modules/admin/operations/finance/purchase/repositories/quotation.repository.ts(47,7): error TS2559: Type 'string[]' has no properties in common with type 'FindOptionsRelations<QuotationEntity>'.
src/modules/admin/operations/finance/purchase/repositories/rfq.repository.ts(77,7): error TS2559: Type 'string[]' has no properties in common with type 'FindOptionsRelations<RfqEntity>'.
src/modules/admin/operations/finance/purchase/repositories/supplier-invoice.repository.ts(70,7): error TS2559: Type 'string[]' has no properties in common with type 'FindOptionsRelations<SupplierInvoiceEntity>'.
src/modules/admin/operations/finance/purchase/repositories/supplier-payment.repository.ts(42,7): error TS2559: Type 'string[]' has no properties in common with type 'FindOptionsRelations<SupplierPaymentEntity>'.
src/modules/admin/operations/finance/purchase/services/purchase-order.service.ts(177,9): error TS2559: Type 'string[]' has no properties in common with type 'FindOptionsRelations<PurchaseOrderEntity>'.
src/modules/admin/operations/finance/purchase/services/purchase-order.service.ts(291,81): error TS2339: Property 'message' does not exist on type 'unknown'.
src/modules/admin/operations/finance/purchase/services/purchase-order.service.ts(296,62): error TS2339: Property 'stack' does not exist on type 'unknown'.
src/modules/admin/operations/finance/purchase/services/purchase-order.service.ts(354,54): error TS2339: Property 'stack' does not exist on type 'unknown'.
src/modules/admin/operations/finance/purchase/services/purchase-requisition.service.ts(208,87): error TS2339: Property 'message' does not exist on type 'unknown'.
src/modules/admin/operations/finance/purchase/services/supplier-invoice.service.ts(95,9): error TS2559: Type 'string[]' has no properties in common with type 'FindOptionsRelations<GoodsReceivedNoteEntity>'.
src/modules/admin/operations/finance/supplier/supplier.repository.ts(60,7): error TS2559: Type 'string[]' has no properties in common with type 'FindOptionsRelations<SupplierEntity>'.
src/modules/admin/operations/finance/supplier/supplier.repository.ts(67,7): error TS2559: Type 'string[]' has no properties in common with type 'FindOptionsRelations<SupplierEntity>'.
src/modules/admin/operations/hrm/hrm.repository.ts(110,61): error TS2559: Type 'string[]' has no properties in common with type 'FindOptionsRelations<DesignationEntity>'.
src/modules/admin/operations/hrm/hrm.repository.ts(181,7): error TS2559: Type 'string[]' has no properties in common with type 'FindOptionsRelations<EmployeeEntity>'.
src/modules/admin/operations/hrm/hrm.repository.ts(188,7): error TS2559: Type 'string[]' has no properties in common with type 'FindOptionsRelations<EmployeeEntity>'.
src/modules/admin/operations/hrm/hrm.repository.ts(237,7): error TS2322: Type 'string[]' is not assignable to type 'FindOptionsRelations<EmployeeShiftAssignmentEntity>'.
  Types of property 'shift' are incompatible.
    Type '() => string' is not assignable to type 'boolean | FindOptionsRelations<ShiftEntity>'.
src/modules/admin/operations/hrm/hrm.repository.ts(461,7): error TS2559: Type 'string[]' has no properties in common with type 'FindOptionsRelations<PayrollSlipEntity>'.
src/modules/admin/operations/hrm/hrm.repository.ts(471,60): error TS2559: Type 'string[]' has no properties in common with type 'FindOptionsRelations<JobPostingEntity>'.
src/modules/admin/operations/hrm/hrm.repository.ts(481,7): error TS2559: Type 'string[]' has no properties in common with type 'FindOptionsRelations<ApplicantEntity>'.
src/modules/admin/operations/hrm/hrm.repository.ts(489,7): error TS2559: Type 'string[]' has no properties in common with type 'FindOptionsRelations<ApplicantEntity>'.
src/modules/admin/operations/hrm/hrm.repository.ts(507,7): error TS2559: Type 'string[]' has no properties in common with type 'FindOptionsRelations<InterviewEntity>'.
src/modules/admin/operations/hrm/hrm.repository.ts(522,7): error TS2559: Type 'string[]' has no properties in common with type 'FindOptionsRelations<PerformanceReviewEntity>'.
src/modules/admin/operations/hrm/hrm.repository.ts(533,7): error TS2559: Type 'string[]' has no properties in common with type 'FindOptionsRelations<PerformanceReviewEntity>'.
src/modules/admin/operations/hrm/hrm.repository.ts(593,7): error TS2559: Type 'string[]' has no properties in common with type 'FindOptionsRelations<EmployeeEntity>'.
src/modules/admin/operations/hrm/hrm.service.ts(688,9): error TS2559: Type 'string[]' has no properties in common with type 'FindOptionsRelations<EmployeeEntity>'.
src/modules/admin/operations/hrm/hrm.service.ts(1209,83): error TS2339: Property 'message' does not exist on type 'unknown'.
src/modules/admin/operations/infra/cache/cache.repository.ts(68,70): error TS2339: Property 'message' does not exist on type 'unknown'.
src/modules/admin/operations/infra/chat/chat.gateway.ts(83,92): error TS2339: Property 'stack' does not exist on type 'unknown'.
src/modules/admin/operations/infra/chat/chat.service.ts(26,7): error TS2559: Type 'string[]' has no properties in common with type 'FindOptionsRelations<ConversationEntity>'.
src/modules/admin/operations/infra/chat/chat.service.ts(121,7): error TS2559: Type 'string[]' has no properties in common with type 'FindOptionsRelations<ConversationEntity>'.
src/modules/admin/operations/infra/file/services/minio.service.ts(82,74): error TS2339: Property 'message' does not exist on type 'unknown'.
src/modules/admin/operations/infra/file/services/minio.service.ts(82,91): error TS2339: Property 'stack' does not exist on type 'unknown'.
src/modules/admin/operations/infra/push/push.service.ts(90,89): error TS2339: Property 'stack' does not exist on type 'unknown'.
src/modules/admin/operations/infra/push/push.service.ts(91,17): error TS2339: Property 'statusCode' does not exist on type 'unknown'.
src/modules/admin/operations/infra/push/push.service.ts(91,45): error TS2339: Property 'statusCode' does not exist on type 'unknown'.
src/modules/admin/operations/infra/sms/sms.service.ts(65,65): error TS2339: Property 'stack' does not exist on type 'unknown'.
src/modules/admin/operations/logistics/fulfillment/fulfillment.processor.ts(31,67): error TS2339: Property 'message' does not exist on type 'unknown'.
src/modules/admin/operations/logistics/fulfillment/fulfillment.processor.ts(31,84): error TS2339: Property 'stack' does not exist on type 'unknown'.
src/modules/admin/operations/logistics/fulfillment/fulfillment.repository.ts(24,7): error TS2559: Type 'string[]' has no properties in common with type 'FindOptionsRelations<FulfillmentTaskEntity>'.
src/modules/admin/operations/logistics/fulfillment/fulfillment.service.ts(42,7): error TS2559: Type 'string[]' has no properties in common with type 'FindOptionsRelations<OrderEntity>'.
src/modules/admin/operations/logistics/fulfillment/fulfillment.service.ts(292,82): error TS2339: Property 'message' does not exist on type 'unknown'.
src/modules/admin/operations/logistics/grn/grn.repository.ts(51,7): error TS2559: Type 'string[]' has no properties in common with type 'FindOptionsRelations<GoodsReceivedNoteEntity>'.
src/modules/admin/operations/logistics/inventory-transaction/inventory-ledger.repository.ts(95,7): error TS2559: Type 'string[]' has no properties in common with type 'FindOptionsRelations<InventoryLedgerEntity>'.
src/modules/admin/operations/logistics/inventory-transaction/inventory-ledger.service.ts(223,81): error TS2339: Property 'message' does not exist on type 'unknown'.
src/modules/admin/operations/logistics/inventory-transaction/inventory.processor.ts(36,67): error TS2339: Property 'message' does not exist on type 'unknown'.
src/modules/admin/operations/logistics/inventory-transaction/inventory.processor.ts(36,84): error TS2339: Property 'stack' does not exist on type 'unknown'.
src/modules/admin/operations/logistics/inventory-transaction/inventory.processor.ts(48,45): error TS2559: Type 'string[]' has no properties in common with type 'FindOptionsSelect<TenantEntity>'.
src/modules/admin/operations/logistics/inventory-transaction/product-batch.service.ts(141,7): error TS2559: Type 'string[]' has no properties in common with type 'FindOptionsRelations<ProductBatchEntity>'.
src/modules/admin/operations/logistics/inventory-transaction/stock-reservation.service.ts(315,7): error TS2559: Type 'string[]' has no properties in common with type 'FindOptionsRelations<StockReservationEntity>'.
src/modules/admin/operations/logistics/inventory-transaction/stock-transfer.service.ts(129,7): error TS2559: Type 'string[]' has no properties in common with type 'FindOptionsRelations<StockTransferEntity>'.
src/modules/admin/sales/order/queue/order.processor.ts(37,67): error TS2339: Property 'message' does not exist on type 'unknown'.
src/modules/admin/sales/order/queue/order.processor.ts(37,84): error TS2339: Property 'stack' does not exist on type 'unknown'.
src/modules/admin/sales/order/queue/order.processor.ts(64,94): error TS2339: Property 'stack' does not exist on type 'unknown'.
src/modules/admin/sales/order/queue/order.processor.ts(86,23): error TS2339: Property 'stack' does not exist on type 'unknown'.
src/modules/admin/sales/order/queue/order.processor.ts(107,25): error TS2339: Property 'stack' does not exist on type 'unknown'.
src/modules/admin/sales/order/repositoris/order-return.repository.ts(81,7): error TS2559: Type 'string[]' has no properties in common with type 'FindOptionsRelations<OrderReturnEntity>'.
src/modules/admin/sales/order/repositoris/order-return.repository.ts(88,7): error TS2559: Type 'string[]' has no properties in common with type 'FindOptionsRelations<OrderReturnEntity>'.
src/modules/admin/sales/order/repositoris/order.repository.ts(24,7): error TS2559: Type 'string[]' has no properties in common with type 'FindOptionsRelations<OrderEntity>'.
src/modules/admin/sales/order/repositoris/order.repository.ts(37,7): error TS2559: Type 'string[]' has no properties in common with type 'FindOptionsRelations<OrderEntity>'.
src/modules/admin/sales/order/repositoris/order.repository.ts(56,7): error TS2559: Type 'string[]' has no properties in common with type 'FindOptionsRelations<OrderEntity>'.
src/modules/admin/sales/order/services/order-process.helper.ts(220,83): error TS2339: Property 'message' does not exist on type 'unknown'.
src/modules/admin/sales/order/services/order.service.ts(353,9): error TS2559: Type 'string[]' has no properties in common with type 'FindOptionsRelations<OrderEntity>'.
src/modules/admin/sales/order/services/order.service.ts(674,71): error TS2339: Property 'message' does not exist on type 'unknown'.
src/modules/admin/sales/order/services/return.service.ts(145,76): error TS2339: Property 'message' does not exist on type 'unknown'.
src/modules/admin/sales/order/services/return.service.ts(276,78): error TS2339: Property 'message' does not exist on type 'unknown'.
src/modules/admin/sales/order/services/return.service.ts(412,90): error TS2339: Property 'message' does not exist on type 'unknown'.
src/modules/admin/sales/order/services/return.service.ts(438,84): error TS2339: Property 'message' does not exist on type 'unknown'.
src/modules/admin/sales/pos/repositories/pos-drawer-transaction.repository.ts(17,7): error TS2322: Type 'string[]' is not assignable to type 'FindOptionsRelations<PosDrawerTransactionEntity>'.
  Types of property 'shift' are incompatible.
    Type '() => string' is not assignable to type 'boolean | FindOptionsRelations<PosShiftEntity>'.
src/modules/admin/sales/pos/repositories/pos-register.repository.ts(17,7): error TS2559: Type 'string[]' has no properties in common with type 'FindOptionsRelations<PosRegisterEntity>'.
src/modules/admin/sales/pos/repositories/pos-register.repository.ts(24,7): error TS2559: Type 'string[]' has no properties in common with type 'FindOptionsRelations<PosRegisterEntity>'.
src/modules/admin/sales/pos/repositories/pos-shift.repository.ts(17,7): error TS2559: Type 'string[]' has no properties in common with type 'FindOptionsRelations<PosShiftEntity>'.
src/modules/admin/sales/pos/repositories/pos-shift.repository.ts(30,7): error TS2559: Type 'string[]' has no properties in common with type 'FindOptionsRelations<PosShiftEntity>'.
src/modules/admin/sales/pos/repositories/pos-shift.repository.ts(37,7): error TS2559: Type 'string[]' has no properties in common with type 'FindOptionsRelations<PosShiftEntity>'.
src/modules/store/cart/cart-item.repository.ts(17,7): error TS2559: Type 'string[]' has no properties in common with type 'FindOptionsRelations<CartItemEntity>'.
src/modules/store/cart/cart.repository.ts(17,7): error TS2559: Type 'string[]' has no properties in common with type 'FindOptionsRelations<CartEntity>'.
src/modules/store/wishlist/wishlist.repository.ts(27,7): error TS2559: Type 'string[]' has no properties in common with type 'FindOptionsRelations<WishlistEntity>'.
src/modules/system/audit-log/audit-log.service.ts(41,67): error TS2339: Property 'message' does not exist on type 'unknown'.
src/modules/system/audit-log/audit-log.service.ts(308,78): error TS2339: Property 'message' does not exist on type 'unknown'.
src/modules/system/organization/repositories/warehouse.repository.ts(15,50): error TS2559: Type 'string[]' has no properties in common with type 'FindOptionsRelations<WarehouseEntity>'.
src/modules/system/organization/repositories/warehouse.repository.ts(19,57): error TS2559: Type 'string[]' has no properties in common with type 'FindOptionsRelations<WarehouseEntity>'.
src/modules/system/subscription-billing/subscription-billing.controller.ts(133,67): error TS2339: Property 'message' does not exist on type 'unknown'.
src/modules/system/subscription-billing/subscription-billing.controller.ts(133,84): error TS2339: Property 'stack' does not exist on type 'unknown'.
src/modules/system/subscription-billing/subscription-billing.controller.ts(162,64): error TS2339: Property 'message' does not exist on type 'unknown'.
src/modules/system/subscription-billing/subscription-billing.controller.ts(196,66): error TS2339: Property 'message' does not exist on type 'unknown'.
src/modules/system/subscription-billing/subscription-billing.service.ts(81,76): error TS2339: Property 'message' does not exist on type 'unknown'.
src/modules/system/subscription-billing/subscription-billing.service.ts(401,79): error TS2339: Property 'message' does not exist on type 'unknown'.
src/modules/system/subscription-billing/subscription-billing.service.ts(433,87): error TS2339: Property 'message' does not exist on type 'unknown'.
src/modules/system/subscription-billing/subscription-billing.service.ts(521,89): error TS2339: Property 'message' does not exist on type 'unknown'.
src/modules/system/subscription-billing/subscription-invoice.repository.ts(22,7): error TS2559: Type 'string[]' has no properties in common with type 'FindOptionsRelations<SubscriptionInvoiceEntity>'.
src/modules/system/subscription-billing/subscription-invoice.repository.ts(30,7): error TS2559: Type 'string[]' has no properties in common with type 'FindOptionsRelations<SubscriptionInvoiceEntity>'.
src/modules/system/super-admin/super-admin.controller.ts(361,55): error TS2339: Property 'message' does not exist on type 'unknown'.
src/modules/system/super-admin/super-admin.controller.ts(747,75): error TS2339: Property 'message' does not exist on type 'unknown'.
src/modules/system/super-admin/super-admin.controller.ts(784,73): error TS2339: Property 'message' does not exist on type 'unknown'.
src/modules/system/super-admin/super-admin.controller.ts(811,61): error TS2339: Property 'message' does not exist on type 'unknown'.
src/modules/system/super-admin/super-admin.controller.ts(834,58): error TS2339: Property 'message' does not exist on type 'unknown'.
src/modules/system/super-admin/super-admin.controller.ts(1012,7): error TS2559: Type 'string[]' has no properties in common with type 'FindOptionsRelations<TenantEntity>'.
src/modules/system/super-admin/super-admin.controller.ts(1049,7): error TS2559: Type 'string[]' has no properties in common with type 'FindOptionsRelations<SubscriptionInvoiceEntity>'.
src/modules/system/tenant/tenant.repository.ts(26,7): error TS2559: Type 'string[]' has no properties in common with type 'FindOptionsRelations<TenantEntity>'.
src/modules/system/tenant/tenant.repository.ts(33,7): error TS2559: Type 'string[]' has no properties in common with type 'FindOptionsRelations<TenantEntity>'.
src/modules/system/tenant/tenant.repository.ts(40,7): error TS2559: Type 'string[]' has no properties in common with type 'FindOptionsRelations<TenantEntity>'.
src/modules/system/tenant/tenant.repository.ts(47,7): error TS2559: Type 'string[]' has no properties in common with type 'FindOptionsRelations<TenantDomainEntity>'.
src/modules/system/tenant/tenant.repository.ts(60,7): error TS2559: Type 'string[]' has no properties in common with type 'FindOptionsRelations<TenantEntity>'.
src/modules/system/tenant/tenant.service.ts(347,7): error TS2559: Type 'string[]' has no properties in common with type 'FindOptionsRelations<TenantDomainEntity>'.
src/modules/system/tenant/tenant.service.ts(689,86): error TS2339: Property 'message' does not exist on type 'unknown'.
src/modules/system/tenant/tenant.service.ts(798,84): error TS2339: Property 'message' does not exist on type 'unknown'.
